[17:43:44.826] [INFO] Running addon-a11y-addon-test automigration
[17:43:44.827] [DEBUG] Extracting storybook data...
[17:43:44.827] [DEBUG] Getting Storybook info...
[17:43:44.950] [DEBUG] Loading main config...
[17:43:44.950] [DEBUG] Getting stories paths...
[17:43:44.981] [DEBUG] Getting package manager...
[17:43:44.991] [DEBUG] Getting package.json info for C:/Users/bacha/Desktop/interface-web_admin 2/package.json...
[17:43:44.992] [DEBUG] Getting Storybook version...
[17:43:44.992] [DEBUG] Detecting CSF factory usage...
[17:43:45.041] [INFO] Checking possible migrations..
[17:43:45.041] [DEBUG] Running [36maddon-a11y-addon-test[39m migration checks
[17:43:45.045] [DEBUG] End of [36maddon-a11y-addon-test[39m migration checks
[17:43:45.045] [INFO] 🔎 found a '[36maddon-a11y-addon-test[39m' migration:
[17:43:45.046] [INFO] ✅ ran [36maddon-a11y-addon-test[39m migration
[17:43:45.047] [INFO] [32mMigration check ran successfully[39m
[17:43:45.047] [INFO] [1mSuccessful migrations:[22m

[32maddon-a11y-addon-test[39m

─────────────────────────────────────────────────

If you'd like to run the migrations again, you can do so by running 
[36mnpx storybook automigrate[39m

The automigrations try to migrate common patterns in your project, but might not contain everything needed to migrate to the latest version of Storybook.

Please check the changelog and migration guide for manual migrations and more information: 
https://storybook.js.org/docs/releases/migration-guide?ref=upgrade
And reach out on Discord if you need help: https://discord.gg/storybook
[17:43:45.047] [INFO] Installing dependencies...
[17:43:45.047] [DEBUG] Executing command: npm install
[17:44:13.286] [ERROR] Installation of dependencies failed! {"error":"ExecaError: Command failed with exit code 1: npm.cmd install\n\nnpm warn ERESOLVE overriding peer dependency\nnpm warn While resolving: @vitest/mocker@4.1.5\nnpm warn Found: vite@5.4.21\nnpm warn node_modules/vite\nnpm warn   dev vite@\"^5.0.0\" from the root project\nnpm warn   6 more (@vitejs/plugin-react, vite-plugin-pwa, ...)\nnpm warn\nnpm warn Could not resolve dependency:\nnpm warn peerOptional vite@\"^6.0.0 || ^7.0.0 || ^8.0.0\" from @vitest/mocker@4.1.5\nnpm warn node_modules/@vitest/mocker\nnpm warn   @vitest/mocker@\"4.1.5\" from vitest@4.1.5\nnpm warn   node_modules/vitest\nnpm warn   2 more (@vitest/browser-playwright, @vitest/browser)\nnpm warn\nnpm warn Conflicting peer dependency: vite@8.0.10\nnpm warn node_modules/vite\nnpm warn   peerOptional vite@\"^6.0.0 || ^7.0.0 || ^8.0.0\" from @vitest/mocker@4.1.5\nnpm warn   node_modules/@vitest/mocker\nnpm warn     @vitest/mocker@\"4.1.5\" from vitest@4.1.5\nnpm warn     node_modules/vitest\nnpm warn     2 more (@vitest/browser-playwright, @vitest/browser)\nnpm error code ERESOLVE\nnpm error ERESOLVE could not resolve\nnpm error\nnpm error While resolving: react-leaflet-cluster@4.1.3\nnpm error Found: @react-leaflet/core@2.1.0\nnpm error node_modules/@react-leaflet/core\nnpm error   @react-leaflet/core@\"^2.1.0\" from react-leaflet@4.2.1\nnpm error   node_modules/react-leaflet\nnpm error     react-leaflet@\"^4.2.1\" from the root project\nnpm error     peer react-leaflet@\"^4.0.0\" from react-leaflet-draw@0.20.6\nnpm error     node_modules/react-leaflet-draw\nnpm error       react-leaflet-draw@\"^0.20.4\" from the root project\nnpm error\nnpm error Could not resolve dependency:\nnpm error peer @react-leaflet/core@\"^3.0.0\" from react-leaflet-cluster@4.1.3\nnpm error node_modules/react-leaflet-cluster\nnpm error   react-leaflet-cluster@\"^4.1.3\" from the root project\nnpm error\nnpm error Conflicting peer dependency: @react-leaflet/core@3.0.0\nnpm error node_modules/@react-leaflet/core\nnpm error   peer @react-leaflet/core@\"^3.0.0\" from react-leaflet-cluster@4.1.3\nnpm error   node_modules/react-leaflet-cluster\nnpm error     react-leaflet-cluster@\"^4.1.3\" from the root project\nnpm error\nnpm error Fix the upstream dependency conflict, or retry this command with --force or --legacy-peer-deps to accept an incorrect (and potentially broken) dependency resolution.\nnpm error\nnpm error\nnpm error For a full report see:\nnpm error C:\\Users\\bacha\\AppData\\Local\\npm-cache\\_logs\\2026-04-23T16_43_45_365Z-eresolve-report.txt\nnpm error A complete log of this run can be found in: C:\\Users\\bacha\\AppData\\Local\\npm-cache\\_logs\\2026-04-23T16_43_45_365Z-debug-0.log\n    at getFinalError (file:///C:/Users/bacha/AppData/Local/npm-cache/_npx/b22fc93b1d305722/node_modules/storybook/dist/_node-chunks/chunk-GOY6UMCB.js:13112:10)\n    at makeError (file:///C:/Users/bacha/AppData/Local/npm-cache/_npx/b22fc93b1d305722/node_modules/storybook/dist/_node-chunks/chunk-GOY6UMCB.js:14648:15)\n    at getAsyncResult (file:///C:/Users/bacha/AppData/Local/npm-cache/_npx/b22fc93b1d305722/node_modules/storybook/dist/_node-chunks/chunk-GOY6UMCB.js:17294:158)\n    at handlePromise (file:///C:/Users/bacha/AppData/Local/npm-cache/_npx/b22fc93b1d305722/node_modules/storybook/dist/_node-chunks/chunk-GOY6UMCB.js:17280:162)\n    at async Object.executeTaskWithSpinner (file:///C:/Users/bacha/AppData/Local/npm-cache/_npx/b22fc93b1d305722/node_modules/storybook/dist/_node-chunks/chunk-CHOXZXZB.js:3683:11)\n    at async NPMProxy.installDependencies (file:///C:/Users/bacha/AppData/Local/npm-cache/_npx/b22fc93b1d305722/node_modules/storybook/dist/_node-chunks/chunk-GOY6UMCB.js:11261:5)\n    at async doAutomigrate (file:///C:/Users/bacha/AppData/Local/npm-cache/_npx/b22fc93b1d305722/node_modules/@storybook/cli/dist/_node-chunks/run-UE2YPBJ7.js:7784:32)\n    at async file:///C:/Users/bacha/AppData/Local/npm-cache/_npx/b22fc93b1d305722/node_modules/@storybook/cli/dist/_node-chunks/run-UE2YPBJ7.js:9727:90\n    at async withTelemetry (file:///C:/Users/bacha/AppData/Local/npm-cache/_npx/b22fc93b1d305722/node_modules/storybook/dist/_node-chunks/chunk-FIR43JGQ.js:225:12)"}
[17:44:13.287] [ERROR] [38;2;241;97;97mExecaError: Command failed with exit code 1: npm.cmd install

npm warn ERESOLVE overriding peer dependency
npm warn While resolving: @vitest/mocker@4.1.5
npm warn Found: vite@5.4.21
npm warn node_modules/vite
npm warn   dev vite@"^5.0.0" from the root project
npm warn   6 more (@vitejs/plugin-react, vite-plugin-pwa, ...)
npm warn
npm warn Could not resolve dependency:
npm warn peerOptional vite@"^6.0.0 || ^7.0.0 || ^8.0.0" from @vitest/mocker@4.1.5
npm warn node_modules/@vitest/mocker
npm warn   @vitest/mocker@"4.1.5" from vitest@4.1.5
npm warn   node_modules/vitest
npm warn   2 more (@vitest/browser-playwright, @vitest/browser)
npm warn
npm warn Conflicting peer dependency: vite@8.0.10
npm warn node_modules/vite
npm warn   peerOptional vite@"^6.0.0 || ^7.0.0 || ^8.0.0" from @vitest/mocker@4.1.5
npm warn   node_modules/@vitest/mocker
npm warn     @vitest/mocker@"4.1.5" from vitest@4.1.5
npm warn     node_modules/vitest
npm warn     2 more (@vitest/browser-playwright, @vitest/browser)
npm error code ERESOLVE
npm error ERESOLVE could not resolve
npm error
npm error While resolving: react-leaflet-cluster@4.1.3
npm error Found: @react-leaflet/core@2.1.0
npm error node_modules/@react-leaflet/core
npm error   @react-leaflet/core@"^2.1.0" from react-leaflet@4.2.1
npm error   node_modules/react-leaflet
npm error     react-leaflet@"^4.2.1" from the root project
npm error     peer react-leaflet@"^4.0.0" from react-leaflet-draw@0.20.6
npm error     node_modules/react-leaflet-draw
npm error       react-leaflet-draw@"^0.20.4" from the root project
npm error
npm error Could not resolve dependency:
npm error peer @react-leaflet/core@"^3.0.0" from react-leaflet-cluster@4.1.3
npm error node_modules/react-leaflet-cluster
npm error   react-leaflet-cluster@"^4.1.3" from the root project
npm error
npm error Conflicting peer dependency: @react-leaflet/core@3.0.0
npm error node_modules/@react-leaflet/core
npm error   peer @react-leaflet/core@"^3.0.0" from react-leaflet-cluster@4.1.3
npm error   node_modules/react-leaflet-cluster
npm error     react-leaflet-cluster@"^4.1.3" from the root project
npm error
npm error Fix the upstream dependency conflict, or retry this command with --force or --legacy-peer-deps to accept an incorrect (and potentially broken) dependency resolution.
npm error
npm error
npm error For a full report see:
npm error C:\Users\bacha\AppData\Local\npm-cache\_logs\2026-04-23T16_43_45_365Z-eresolve-report.txt
npm error A complete log of this run can be found in: C:\Users\bacha\AppData\Local\npm-cache\_logs\2026-04-23T16_43_45_365Z-debug-0.log[39m
    at getFinalError (file:///C:/Users/bacha/AppData/Local/npm-cache/_npx/b22fc93b1d305722/node_modules/storybook/dist/_node-chunks/chunk-GOY6UMCB.js:13112:10)
    at makeError (file:///C:/Users/bacha/AppData/Local/npm-cache/_npx/b22fc93b1d305722/node_modules/storybook/dist/_node-chunks/chunk-GOY6UMCB.js:14648:15)
    at getAsyncResult (file:///C:/Users/bacha/AppData/Local/npm-cache/_npx/b22fc93b1d305722/node_modules/storybook/dist/_node-chunks/chunk-GOY6UMCB.js:17294:158)
    at handlePromise (file:///C:/Users/bacha/AppData/Local/npm-cache/_npx/b22fc93b1d305722/node_modules/storybook/dist/_node-chunks/chunk-GOY6UMCB.js:17280:162)
    at async Object.executeTaskWithSpinner (file:///C:/Users/bacha/AppData/Local/npm-cache/_npx/b22fc93b1d305722/node_modules/storybook/dist/_node-chunks/chunk-CHOXZXZB.js:3683:11)
    at async NPMProxy.installDependencies (file:///C:/Users/bacha/AppData/Local/npm-cache/_npx/b22fc93b1d305722/node_modules/storybook/dist/_node-chunks/chunk-GOY6UMCB.js:11261:5)
    at async doAutomigrate (file:///C:/Users/bacha/AppData/Local/npm-cache/_npx/b22fc93b1d305722/node_modules/@storybook/cli/dist/_node-chunks/run-UE2YPBJ7.js:7784:32)
    at async file:///C:/Users/bacha/AppData/Local/npm-cache/_npx/b22fc93b1d305722/node_modules/@storybook/cli/dist/_node-chunks/run-UE2YPBJ7.js:9727:90
    at async withTelemetry (file:///C:/Users/bacha/AppData/Local/npm-cache/_npx/b22fc93b1d305722/node_modules/storybook/dist/_node-chunks/chunk-FIR43JGQ.js:225:12)
[17:44:14.158] [ERROR] ExecaError: Command failed with exit code 1: npm.cmd install

npm warn ERESOLVE overriding peer dependency
npm warn While resolving: @vitest/mocker@4.1.5
npm warn Found: vite@5.4.21
npm warn node_modules/vite
npm warn   dev vite@"^5.0.0" from the root project
npm warn   6 more (@vitejs/plugin-react, vite-plugin-pwa, ...)
npm warn
npm warn Could not resolve dependency:
npm warn peerOptional vite@"^6.0.0 || ^7.0.0 || ^8.0.0" from @vitest/mocker@4.1.5
npm warn node_modules/@vitest/mocker
npm warn   @vitest/mocker@"4.1.5" from vitest@4.1.5
npm warn   node_modules/vitest
npm warn   2 more (@vitest/browser-playwright, @vitest/browser)
npm warn
npm warn Conflicting peer dependency: vite@8.0.10
npm warn node_modules/vite
npm warn   peerOptional vite@"^6.0.0 || ^7.0.0 || ^8.0.0" from @vitest/mocker@4.1.5
npm warn   node_modules/@vitest/mocker
npm warn     @vitest/mocker@"4.1.5" from vitest@4.1.5
npm warn     node_modules/vitest
npm warn     2 more (@vitest/browser-playwright, @vitest/browser)
npm error code ERESOLVE
npm error ERESOLVE could not resolve
npm error
npm error While resolving: react-leaflet-cluster@4.1.3
npm error Found: @react-leaflet/core@2.1.0
npm error node_modules/@react-leaflet/core
npm error   @react-leaflet/core@"^2.1.0" from react-leaflet@4.2.1
npm error   node_modules/react-leaflet
npm error     react-leaflet@"^4.2.1" from the root project
npm error     peer react-leaflet@"^4.0.0" from react-leaflet-draw@0.20.6
npm error     node_modules/react-leaflet-draw
npm error       react-leaflet-draw@"^0.20.4" from the root project
npm error
npm error Could not resolve dependency:
npm error peer @react-leaflet/core@"^3.0.0" from react-leaflet-cluster@4.1.3
npm error node_modules/react-leaflet-cluster
npm error   react-leaflet-cluster@"^4.1.3" from the root project
npm error
npm error Conflicting peer dependency: @react-leaflet/core@3.0.0
npm error node_modules/@react-leaflet/core
npm error   peer @react-leaflet/core@"^3.0.0" from react-leaflet-cluster@4.1.3
npm error   node_modules/react-leaflet-cluster
npm error     react-leaflet-cluster@"^4.1.3" from the root project
npm error
npm error Fix the upstream dependency conflict, or retry this command with --force or --legacy-peer-deps to accept an incorrect (and potentially broken) dependency resolution.
npm error
npm error
npm error For a full report see:
npm error C:\Users\bacha\AppData\Local\npm-cache\_logs\2026-04-23T16_43_45_365Z-eresolve-report.txt
npm error A complete log of this run can be found in: C:\Users\bacha\AppData\Local\npm-cache\_logs\2026-04-23T16_43_45_365Z-debug-0.log